Archive member included to satisfy reference by file (symbol)

C:/ST/STM32CubeIDE_1.17.0/STM32CubeIDE/plugins/com.st.stm32cube.ide.mcu.externaltools.gnu-tools-for-stm32.13.3.rel1.win32_1.0.0.202411081344/tools/bin/../lib/gcc/arm-none-eabi/13.3.1/../../../../arm-none-eabi/lib/thumb/v7e-m+fp/hard\libc_nano.a(libc_a-calloc.o)
                              ./Src/fir_filter.o (calloc)
C:/ST/STM32CubeIDE_1.17.0/STM32CubeIDE/plugins/com.st.stm32cube.ide.mcu.externaltools.gnu-tools-for-stm32.13.3.rel1.win32_1.0.0.202411081344/tools/bin/../lib/gcc/arm-none-eabi/13.3.1/../../../../arm-none-eabi/lib/thumb/v7e-m+fp/hard\libc_nano.a(libc_a-callocr.o)
                              C:/ST/STM32CubeIDE_1.17.0/STM32CubeIDE/plugins/com.st.stm32cube.ide.mcu.externaltools.gnu-tools-for-stm32.13.3.rel1.win32_1.0.0.202411081344/tools/bin/../lib/gcc/arm-none-eabi/13.3.1/../../../../arm-none-eabi/lib/thumb/v7e-m+fp/hard\libc_nano.a(libc_a-calloc.o) (_calloc_r)
C:/ST/STM32CubeIDE_1.17.0/STM32CubeIDE/plugins/com.st.stm32cube.ide.mcu.externaltools.gnu-tools-for-stm32.13.3.rel1.win32_1.0.0.202411081344/tools/bin/../lib/gcc/arm-none-eabi/13.3.1/../../../../arm-none-eabi/lib/thumb/v7e-m+fp/hard\libc_nano.a(libc_a-exit.o)
                              C:/ST/STM32CubeIDE_1.17.0/STM32CubeIDE/plugins/com.st.stm32cube.ide.mcu.externaltools.gnu-tools-for-stm32.13.3.rel1.win32_1.0.0.202411081344/tools/bin/../lib/gcc/arm-none-eabi/13.3.1/../../../../arm-none-eabi/lib/thumb/v7e-m+fp/hard/crt0.o (exit)
C:/ST/STM32CubeIDE_1.17.0/STM32CubeIDE/plugins/com.st.stm32cube.ide.mcu.externaltools.gnu-tools-for-stm32.13.3.rel1.win32_1.0.0.202411081344/tools/bin/../lib/gcc/arm-none-eabi/13.3.1/../../../../arm-none-eabi/lib/thumb/v7e-m+fp/hard\libc_nano.a(libc_a-mallocr.o)
                              C:/ST/STM32CubeIDE_1.17.0/STM32CubeIDE/plugins/com.st.stm32cube.ide.mcu.externaltools.gnu-tools-for-stm32.13.3.rel1.win32_1.0.0.202411081344/tools/bin/../lib/gcc/arm-none-eabi/13.3.1/../../../../arm-none-eabi/lib/thumb/v7e-m+fp/hard\libc_nano.a(libc_a-callocr.o) (_malloc_r)
C:/ST/STM32CubeIDE_1.17.0/STM32CubeIDE/plugins/com.st.stm32cube.ide.mcu.externaltools.gnu-tools-for-stm32.13.3.rel1.win32_1.0.0.202411081344/tools/bin/../lib/gcc/arm-none-eabi/13.3.1/../../../../arm-none-eabi/lib/thumb/v7e-m+fp/hard\libc_nano.a(libc_a-mlock.o)
                              C:/ST/STM32CubeIDE_1.17.0/STM32CubeIDE/plugins/com.st.stm32cube.ide.mcu.externaltools.gnu-tools-for-stm32.13.3.rel1.win32_1.0.0.202411081344/tools/bin/../lib/gcc/arm-none-eabi/13.3.1/../../../../arm-none-eabi/lib/thumb/v7e-m+fp/hard\libc_nano.a(libc_a-mallocr.o) (__malloc_lock)
C:/ST/STM32CubeIDE_1.17.0/STM32CubeIDE/plugins/com.st.stm32cube.ide.mcu.externaltools.gnu-tools-for-stm32.13.3.rel1.win32_1.0.0.202411081344/tools/bin/../lib/gcc/arm-none-eabi/13.3.1/../../../../arm-none-eabi/lib/thumb/v7e-m+fp/hard\libc_nano.a(libc_a-findfp.o)
                              C:/ST/STM32CubeIDE_1.17.0/STM32CubeIDE/plugins/com.st.stm32cube.ide.mcu.externaltools.gnu-tools-for-stm32.13.3.rel1.win32_1.0.0.202411081344/tools/bin/../lib/gcc/arm-none-eabi/13.3.1/../../../../arm-none-eabi/lib/thumb/v7e-m+fp/hard\libc_nano.a(libc_a-exit.o) (__stdio_exit_handler)
C:/ST/STM32CubeIDE_1.17.0/STM32CubeIDE/plugins/com.st.stm32cube.ide.mcu.externaltools.gnu-tools-for-stm32.13.3.rel1.win32_1.0.0.202411081344/tools/bin/../lib/gcc/arm-none-eabi/13.3.1/../../../../arm-none-eabi/lib/thumb/v7e-m+fp/hard\libc_nano.a(libc_a-fwalk.o)
                              C:/ST/STM32CubeIDE_1.17.0/STM32CubeIDE/plugins/com.st.stm32cube.ide.mcu.externaltools.gnu-tools-for-stm32.13.3.rel1.win32_1.0.0.202411081344/tools/bin/../lib/gcc/arm-none-eabi/13.3.1/../../../../arm-none-eabi/lib/thumb/v7e-m+fp/hard\libc_nano.a(libc_a-findfp.o) (_fwalk_sglue)
C:/ST/STM32CubeIDE_1.17.0/STM32CubeIDE/plugins/com.st.stm32cube.ide.mcu.externaltools.gnu-tools-for-stm32.13.3.rel1.win32_1.0.0.202411081344/tools/bin/../lib/gcc/arm-none-eabi/13.3.1/../../../../arm-none-eabi/lib/thumb/v7e-m+fp/hard\libc_nano.a(libc_a-stdio.o)
                              C:/ST/STM32CubeIDE_1.17.0/STM32CubeIDE/plugins/com.st.stm32cube.ide.mcu.externaltools.gnu-tools-for-stm32.13.3.rel1.win32_1.0.0.202411081344/tools/bin/../lib/gcc/arm-none-eabi/13.3.1/../../../../arm-none-eabi/lib/thumb/v7e-m+fp/hard\libc_nano.a(libc_a-findfp.o) (__sread)
C:/ST/STM32CubeIDE_1.17.0/STM32CubeIDE/plugins/com.st.stm32cube.ide.mcu.externaltools.gnu-tools-for-stm32.13.3.rel1.win32_1.0.0.202411081344/tools/bin/../lib/gcc/arm-none-eabi/13.3.1/../../../../arm-none-eabi/lib/thumb/v7e-m+fp/hard\libc_nano.a(libc_a-memset.o)
                              C:/ST/STM32CubeIDE_1.17.0/STM32CubeIDE/plugins/com.st.stm32cube.ide.mcu.externaltools.gnu-tools-for-stm32.13.3.rel1.win32_1.0.0.202411081344/tools/bin/../lib/gcc/arm-none-eabi/13.3.1/../../../../arm-none-eabi/lib/thumb/v7e-m+fp/hard/crt0.o (memset)
[...]
Memory Configuration

Name             Origin             Length             Attributes
CCMRAM           0x10000000         0x00010000         xrw
RAM              0x20000000         0x00020000         xrw
FLASH            0x08000000         0x00100000         xr
*default*        0x00000000         0xffffffff

Linker script and memory map

LOAD C:/ST/STM32CubeIDE_1.17.0/STM32CubeIDE/plugins/com.st.stm32cube.ide.mcu.externaltools.gnu-tools-for-stm32.13.3.rel1.win32_1.0.0.202411081344/tools/bin/../lib/gcc/arm-none-eabi/13.3.1/thumb/v7e-m+fp/hard/crti.o
LOAD C:/ST/STM32CubeIDE_1.17.0/STM32CubeIDE/plugins/com.st.stm32cube.ide.mcu.externaltools.gnu-tools-for-stm32.13.3.rel1.win32_1.0.0.202411081344/tools/bin/../lib/gcc/arm-none-eabi/13.3.1/thumb/v7e-m+fp/hard/crtbegin.o
LOAD C:/ST/STM32CubeIDE_1.17.0/STM32CubeIDE/plugins/com.st.stm32cube.ide.mcu.externaltools.gnu-tools-for-stm32.13.3.rel1.win32_1.0.0.202411081344/tools/bin/../lib/gcc/arm-none-eabi/13.3.1/../../../../arm-none-eabi/lib/thumb/v7e-m+fp/hard/crt0.o
LOAD ./Src/adc.o
LOAD ./Src/clock.o
LOAD ./Src/fifo.o
LOAD ./Src/fir_filter.o
LOAD ./Src/main.o
LOAD ./Src/signals.o
LOAD ./Src/syscalls.o
LOAD ./Src/sysmem.o
LOAD ./Src/tim.o
LOAD ./Startup/startup_stm32f407vgtx.o
START GROUP
LOAD C:/ST/STM32CubeIDE_1.17.0/STM32CubeIDE/plugins/com.st.stm32cube.ide.mcu.externaltools.gnu-tools-for-stm32.13.3.rel1.win32_1.0.0.202411081344/tools/bin/../lib/gcc/arm-none-eabi/13.3.1/../../../../arm-none-eabi/lib/thumb/v7e-m+fp/hard\libc_nano.a
LOAD C:/ST/STM32CubeIDE_1.17.0/STM32CubeIDE/plugins/com.st.stm32cube.ide.mcu.externaltools.gnu-tools-for-stm32.13.3.rel1.win32_1.0.0.202411081344/tools/bin/../lib/gcc/arm-none-eabi/13.3.1/../../../../arm-none-eabi/lib/thumb/v7e-m+fp/hard\libm.a
END GROUP
START GROUP
LOAD C:/ST/STM32CubeIDE_1.17.0/STM32CubeIDE/plugins/com.st.stm32cube.ide.mcu.externaltools.gnu-tools-for-stm32.13.3.rel1.win32_1.0.0.202411081344/tools/bin/../lib/gcc/arm-none-eabi/13.3.1/thumb/v7e-m+fp/hard\libgcc.a
LOAD C:/ST/STM32CubeIDE_1.17.0/STM32CubeIDE/plugins/com.st.stm32cube.ide.mcu.externaltools.gnu-tools-for-stm32.13.3.rel1.win32_1.0.0.202411081344/tools/bin/../lib/gcc/arm-none-eabi/13.3.1/../../../../arm-none-eabi/lib/thumb/v7e-m+fp/hard\libc_nano.a
END GROUP
START GROUP
LOAD C:/ST/STM32CubeIDE_1.17.0/STM32CubeIDE/plugins/com.st.stm32cube.ide.mcu.externaltools.gnu-tools-for-stm32.13.3.rel1.win32_1.0.0.202411081344/tools/bin/../lib/gcc/arm-none-eabi/13.3.1/thumb/v7e-m+fp/hard\libgcc.a
LOAD C:/ST/STM32CubeIDE_1.17.0/STM32CubeIDE/plugins/com.st.stm32cube.ide.mcu.externaltools.gnu-tools-for-stm32.13.3.rel1.win32_1.0.0.202411081344/tools/bin/../lib/gcc/arm-none-eabi/13.3.1/../../../../arm-none-eabi/lib/thumb/v7e-m+fp/hard\libc_nano.a
LOAD C:/ST/STM32CubeIDE_1.17.0/STM32CubeIDE/plugins/com.st.stm32cube.ide.mcu.externaltools.gnu-tools-for-stm32.13.3.rel1.win32_1.0.0.202411081344/tools/bin/../lib/gcc/arm-none-eabi/13.3.1/../../../../arm-none-eabi/lib/thumb/v7e-m+fp/hard\libnosys.a
END GROUP
START GROUP
LOAD C:/ST/STM32CubeIDE_1.17.0/STM32CubeIDE/plugins/com.st.stm32cube.ide.mcu.externaltools.gnu-tools-for-stm32.13.3.rel1.win32_1.0.0.202411081344/tools/bin/../lib/gcc/arm-none-eabi/13.3.1/thumb/v7e-m+fp/hard\libgcc.a
LOAD C:/ST/STM32CubeIDE_1.17.0/STM32CubeIDE/plugins/com.st.stm32cube.ide.mcu.externaltools.gnu-tools-for-stm32.13.3.rel1.win32_1.0.0.202411081344/tools/bin/../lib/gcc/arm-none-eabi/13.3.1/../../../../arm-none-eabi/lib/thumb/v7e-m+fp/hard\libc_nano.a
LOAD C:/ST/STM32CubeIDE_1.17.0/STM32CubeIDE/plugins/com.st.stm32cube.ide.mcu.externaltools.gnu-tools-for-stm32.13.3.rel1.win32_1.0.0.202411081344/tools/bin/../lib/gcc/arm-none-eabi/13.3.1/../../../../arm-none-eabi/lib/thumb/v7e-m+fp/hard\libnosys.a
END GROUP
LOAD C:/ST/STM32CubeIDE_1.17.0/STM32CubeIDE/plugins/com.st.stm32cube.ide.mcu.externaltools.gnu-tools-for-stm32.13.3.rel1.win32_1.0.0.202411081344/tools/bin/../lib/gcc/arm-none-eabi/13.3.1/thumb/v7e-m+fp/hard/crtend.o
LOAD C:/ST/STM32CubeIDE_1.17.0/STM32CubeIDE/plugins/com.st.stm32cube.ide.mcu.externaltools.gnu-tools-for-stm32.13.3.rel1.win32_1.0.0.202411081344/tools/bin/../lib/gcc/arm-none-eabi/13.3.1/thumb/v7e-m+fp/hard/crtn.o
                0x20020000                        _estack = (ORIGIN (RAM) + LENGTH (RAM))
                0x00000200                        _Min_Heap_Size = 0x200
                0x00000400                        _Min_Stack_Size = 0x400

.isr_vector     0x08000000      0x188
                0x08000000                        . = ALIGN (0x4)
 *(.isr_vector)
 .isr_vector    0x08000000      0x188 ./Startup/startup_stm32f407vgtx.o
                0x08000000                g_pfnVectors
                0x08000188                        . = ALIGN (0x4)

.text           0x08000188      0x624
                0x08000188                        . = ALIGN (0x4)
 *(.text)
 .text          0x08000188       0x40 C:/ST/STM32CubeIDE_1.17.0/STM32CubeIDE/plugins/com.st.stm32cube.ide.mcu.externaltools.gnu-tools-for-stm32.13.3.rel1.win32_1.0.0.202411081344/tools/bin/../lib/gcc/arm-none-eabi/13.3.1/thumb/v7e-m+fp/hard/crtbegin.o
 *(.text*)
 .text.pa1_adc_init
                0x080001c8       0xa4 ./Src/adc.o
                0x080001c8                pa1_adc_init
 .text.start_conversion
                0x0800026c       0x2c ./Src/adc.o
                0x0800026c                start_conversion
 .text.adc_read
                0x08000298       0x24 ./Src/adc.o
                0x08000298                adc_read
 .text.clock_100Mhz_config
                0x080002bc       0xc0 ./Src/clock.o
                0x080002bc                clock_100Mhz_config
 .text.rx_fifo_init
                0x0800037c       0x28 ./Src/fifo.o
                0x0800037c                rx_fifo_init
 .text.rx_fifo_put
                0x080003a4       0x58 ./Src/fifo.o
                0x080003a4                rx_fifo_put
 .text.rx_fifo_get
                0x080003fc       0x5c ./Src/fifo.o
                0x080003fc                rx_fifo_get
 .text.main     0x08000458       0xac ./Src/main.o
                0x08000458                main
 .text.read_fifo
                0x08000504       0x38 ./Src/main.o
 .text.calc_convolution
                0x0800053c       0xaa ./Src/main.o
                0x0800053c                calc_convolution
 *fill*         0x080005e6        0x2 
 .text.clear_data_buffer
                0x080005e8       0x38 ./Src/main.o
 .text.tim2_callback
                0x08000620       0x34 ./Src/main.o
 .text.TIM2_IRQHandler
                0x08000654       0x1c ./Src/main.o
                0x08000654                TIM2_IRQHandler
 .text.__NVIC_EnableIRQ
                0x08000670       0x3c ./Src/tim.o
 .text.tim2_1hz_interrupt_init
                0x080006ac       0x4c ./Src/tim.o
                0x080006ac                tim2_1hz_interrupt_init
 .text.Reset_Handler
                0x080006f8       0x50 ./Startup/startup_stm32f407vgtx.o
                0x080006f8                Reset_Handler
 .text.Default_Handler
                0x08000748        0x2 ./Startup/startup_stm32f407vgtx.o
                0x08000748                RTC_Alarm_IRQHandler
                0x08000748                HASH_RNG_IRQHandler
                0x08000748                EXTI2_IRQHandler
                0x08000748                TIM8_CC_IRQHandler
                0x08000748                DebugMon_Handler
                0x08000748                TIM1_CC_IRQHandler
                0x08000748                DMA2_Stream5_IRQHandler
                0x08000748                HardFault_Handler
                0x08000748                DMA1_Stream5_IRQHandler
                0x08000748                SysTick_Handler
                0x08000748                PVD_IRQHandler
                0x08000748                SDIO_IRQHandler
                0x08000748                TAMP_STAMP_IRQHandler
                0x08000748                PendSV_Handler
                0x08000748                NMI_Handler
                0x08000748                CAN2_RX1_IRQHandler
                0x08000748                EXTI3_IRQHandler
                0x08000748                TIM8_TRG_COM_TIM14_IRQHandler
                0x08000748                TIM1_UP_TIM10_IRQHandler
                0x08000748                TIM8_UP_TIM13_IRQHandler
                0x08000748                I2C3_ER_IRQHandler
                0x08000748                EXTI0_IRQHandler
                0x08000748                I2C2_EV_IRQHandler
                0x08000748                DMA1_Stream2_IRQHandler
                0x08000748                CAN1_RX0_IRQHandler
                0x08000748                FPU_IRQHandler
                0x08000748                OTG_HS_WKUP_IRQHandler
                0x08000748                UsageFault_Handler
                0x08000748                CAN2_SCE_IRQHandler
                0x08000748                DMA2_Stream2_IRQHandler
                0x08000748                SPI1_IRQHandler
                0x08000748                TIM6_DAC_IRQHandler
                0x08000748                TIM1_BRK_TIM9_IRQHandler
                0x08000748                DCMI_IRQHandler
                0x08000748                CAN2_RX0_IRQHandler
                0x08000748                DMA2_Stream3_IRQHandler
                0x08000748                USART6_IRQHandler
                0x08000748                USART3_IRQHandler
                0x08000748                CRYP_IRQHandler
                0x08000748                CAN1_RX1_IRQHandler
                0x08000748                UART5_IRQHandler
                0x08000748                DMA2_Stream0_IRQHandler
                0x08000748                TIM4_IRQHandler
                0x08000748                I2C1_EV_IRQHandler
                0x08000748                DMA1_Stream6_IRQHandler
                0x08000748                DMA1_Stream1_IRQHandler
                0x08000748                UART4_IRQHandler
                0x08000748                TIM3_IRQHandler
                0x08000748                RCC_IRQHandler
                0x08000748                TIM8_BRK_TIM12_IRQHandler
                0x08000748                Default_Handler
                0x08000748                EXTI15_10_IRQHandler
                0x08000748                ADC_IRQHandler
                0x08000748                DMA1_Stream7_IRQHandler
                0x08000748                TIM7_IRQHandler
                0x08000748                CAN2_TX_IRQHandler
                0x08000748                TIM5_IRQHandler
                0x08000748                DMA2_Stream7_IRQHandler
                0x08000748                I2C3_EV_IRQHandler
                0x08000748                EXTI9_5_IRQHandler
                0x08000748                RTC_WKUP_IRQHandler
                0x08000748                ETH_WKUP_IRQHandler
                0x08000748                SPI2_IRQHandler
                0x08000748                OTG_HS_EP1_IN_IRQHandler
                0x08000748                MemManage_Handler
                0x08000748                DMA1_Stream0_IRQHandler
                0x08000748                CAN1_TX_IRQHandler
                0x08000748                SVC_Handler
                0x08000748                EXTI4_IRQHandler
                0x08000748                FSMC_IRQHandler
                0x08000748                ETH_IRQHandler
                0x08000748                OTG_HS_EP1_OUT_IRQHandler
                0x08000748                WWDG_IRQHandler
                0x08000748                OTG_FS_WKUP_IRQHandler
                0x08000748                TIM1_TRG_COM_TIM11_IRQHandler
                0x08000748                OTG_HS_IRQHandler
                0x08000748                EXTI1_IRQHandler
                0x08000748                USART2_IRQHandler
                0x08000748                I2C2_ER_IRQHandler
                0x08000748                DMA2_Stream1_IRQHandler
                0x08000748                CAN1_SCE_IRQHandler
                0x08000748                DMA2_Stream4_IRQHandler
                0x08000748                BusFault_Handler
                0x08000748                USART1_IRQHandler
                0x08000748                OTG_FS_IRQHandler
                0x08000748                SPI3_IRQHandler
                0x08000748                DMA1_Stream4_IRQHandler
                0x08000748                I2C1_ER_IRQHandler
                0x08000748                DMA2_Stream6_IRQHandler
                0x08000748                DMA1_Stream3_IRQHandler
 *fill*         0x0800074a        0x2 
 .text.__libc_init_array
                0x0800074c       0x48 C:/ST/STM32CubeIDE_1.17.0/STM32CubeIDE/plugins/com.st.stm32cube.ide.mcu.externaltools.gnu-tools-for-stm32.13.3.rel1.win32_1.0.0.202411081344/tools/bin/../lib/gcc/arm-none-eabi/13.3.1/../../../../arm-none-eabi/lib/thumb/v7e-m+fp/hard\libc_nano.a(libc_a-init.o)
                0x0800074c                __libc_init_array
 *(.glue_7)
 .glue_7        0x08000794        0x0 linker stubs
 *(.glue_7t)
 .glue_7t       0x08000794        0x0 linker stubs
 *(.eh_frame)
 .eh_frame      0x08000794        0x0 C:/ST/STM32CubeIDE_1.17.0/STM32CubeIDE/plugins/com.st.stm32cube.ide.mcu.externaltools.gnu-tools-for-stm32.13.3.rel1.win32_1.0.0.202411081344/tools/bin/../lib/gcc/arm-none-eabi/13.3.1/thumb/v7e-m+fp/hard/crtbegin.o
 *(.init)
 .init          0x08000794        0x4 C:/ST/STM32CubeIDE_1.17.0/STM32CubeIDE/plugins/com.st.stm32cube.ide.mcu.externaltools.gnu-tools-for-stm32.13.3.rel1.win32_1.0.0.202411081344/tools/bin/../lib/gcc/arm-none-eabi/13.3.1/thumb/v7e-m+fp/hard/crti.o
                0x08000794                _init
 .init          0x08000798        0x8 C:/ST/STM32CubeIDE_1.17.0/STM32CubeIDE/plugins/com.st.stm32cube.ide.mcu.externaltools.gnu-tools-for-stm32.13.3.rel1.win32_1.0.0.202411081344/tools/bin/../lib/gcc/arm-none-eabi/13.3.1/thumb/v7e-m+fp/hard/crtn.o
 *(.fini)
 .fini          0x080007a0        0x4 C:/ST/STM32CubeIDE_1.17.0/STM32CubeIDE/plugins/com.st.stm32cube.ide.mcu.externaltools.gnu-tools-for-stm32.13.3.rel1.win32_1.0.0.202411081344/tools/bin/../lib/gcc/arm-none-eabi/13.3.1/thumb/v7e-m+fp/hard/crti.o
                0x080007a0                _fini
 .fini          0x080007a4        0x8 C:/ST/STM32CubeIDE_1.17.0/STM32CubeIDE/plugins/com.st.stm32cube.ide.mcu.externaltools.gnu-tools-for-stm32.13.3.rel1.win32_1.0.0.202411081344/tools/bin/../lib/gcc/arm-none-eabi/13.3.1/thumb/v7e-m+fp/hard/crtn.o
                0x080007ac                        . = ALIGN (0x4)
                0x080007ac                        _etext = .

.vfp11_veneer   0x080007ac        0x0
 .vfp11_veneer  0x080007ac        0x0 linker stubs

.v4_bx          0x080007ac        0x0
 .v4_bx         0x080007ac        0x0 linker stubs

.iplt           0x080007ac        0x0
 .iplt          0x080007ac        0x0 C:/ST/STM32CubeIDE_1.17.0/STM32CubeIDE/plugins/com.st.stm32cube.ide.mcu.externaltools.gnu-tools-for-stm32.13.3.rel1.win32_1.0.0.202411081344/tools/bin/../lib/gcc/arm-none-eabi/13.3.1/thumb/v7e-m+fp/hard/crtbegin.o

.rodata         0x080007ac        0x0
                0x080007ac                        . = ALIGN (0x4)
 *(.rodata)
 *(.rodata*)
                0x080007ac                        . = ALIGN (0x4)

.ARM.extab      0x080007ac        0x0
                0x080007ac                        . = ALIGN (0x4)
 *(.ARM.extab* .gnu.linkonce.armextab.*)
                0x080007ac                        . = ALIGN (0x4)

.ARM            0x080007ac        0x0
                0x080007ac                        . = ALIGN (0x4)
                0x080007ac                        __exidx_start = .
 *(.ARM.exidx*)
                0x080007ac                        __exidx_end = .
                0x080007ac                        . = ALIGN (0x4)

.preinit_array  0x080007ac        0x0
                0x080007ac                        . = ALIGN (0x4)
                0x080007ac                        PROVIDE (__preinit_array_start = .)
 *(.preinit_array*)
                0x080007ac                        PROVIDE (__preinit_array_end = .)
                0x080007ac                        . = ALIGN (0x4)

.init_array     0x080007ac        0x4
                0x080007ac                        . = ALIGN (0x4)
                0x080007ac                        PROVIDE (__init_array_start = .)
 *(SORT_BY_NAME(.init_array.*))
 *(.init_array*)
 .init_array    0x080007ac        0x4 C:/ST/STM32CubeIDE_1.17.0/STM32CubeIDE/plugins/com.st.stm32cube.ide.mcu.externaltools.gnu-tools-for-stm32.13.3.rel1.win32_1.0.0.202411081344/tools/bin/../lib/gcc/arm-none-eabi/13.3.1/thumb/v7e-m+fp/hard/crtbegin.o
                0x080007b0                        PROVIDE (__init_array_end = .)
                0x080007b0                        . = ALIGN (0x4)

.fini_array     0x080007b0        0x4
                0x080007b0                        . = ALIGN (0x4)
                [!provide]                        PROVIDE (__fini_array_start = .)
 *(SORT_BY_NAME(.fini_array.*))
 *(.fini_array*)
 .fini_array    0x080007b0        0x4 C:/ST/STM32CubeIDE_1.17.0/STM32CubeIDE/plugins/com.st.stm32cube.ide.mcu.externaltools.gnu-tools-for-stm32.13.3.rel1.win32_1.0.0.202411081344/tools/bin/../lib/gcc/arm-none-eabi/13.3.1/thumb/v7e-m+fp/hard/crtbegin.o
                [!provide]                        PROVIDE (__fini_array_end = .)
                0x080007b4                        . = ALIGN (0x4)
                0x080007b4                        _sidata = LOADADDR (.data)

.rel.dyn        0x080007b4        0x0
 .rel.iplt      0x080007b4        0x0 C:/ST/STM32CubeIDE_1.17.0/STM32CubeIDE/plugins/com.st.stm32cube.ide.mcu.externaltools.gnu-tools-for-stm32.13.3.rel1.win32_1.0.0.202411081344/tools/bin/../lib/gcc/arm-none-eabi/13.3.1/thumb/v7e-m+fp/hard/crtbegin.o

.data           0x20000000       0x80 load address 0x080007b4
                0x20000000                        . = ALIGN (0x4)
                0x20000000                        _sdata = .
 *(.data)
 *(.data*)
 .data.LP_1HZ_3HZ_IMPULSE_RESPONSE
                0x20000000       0x80 ./Src/signals.o
                0x20000000                LP_1HZ_3HZ_IMPULSE_RESPONSE
 *(.RamFunc)
 *(.RamFunc*)
                0x20000080                        . = ALIGN (0x4)
                0x20000080                        _edata = .
                0x08000834                        _siccmram = LOADADDR (.ccmram)

.igot.plt       0x20000080        0x0 load address 0x08000834
 .igot.plt      0x20000080        0x0 C:/ST/STM32CubeIDE_1.17.0/STM32CubeIDE/plugins/com.st.stm32cube.ide.mcu.externaltools.gnu-tools-for-stm32.13.3.rel1.win32_1.0.0.202411081344/tools/bin/../lib/gcc/arm-none-eabi/13.3.1/thumb/v7e-m+fp/hard/crtbegin.o

.ccmram         0x10000000        0x0 load address 0x08000834
                0x10000000                        . = ALIGN (0x4)
                0x10000000                        _sccmram = .
 *(.ccmram)
 *(.ccmram*)
                0x10000000                        . = ALIGN (0x4)
                0x10000000                        _eccmram = .
                0x10000000                        . = ALIGN (0x4)

.bss            0x20000080      0xeb8
                0x20000080                        _sbss = .
                0x20000080                        __bss_start__ = _sbss
 *(.bss)
 .bss           0x20000080       0x1c C:/ST/STM32CubeIDE_1.17.0/STM32CubeIDE/plugins/com.st.stm32cube.ide.mcu.externaltools.gnu-tools-for-stm32.13.3.rel1.win32_1.0.0.202411081344/tools/bin/../lib/gcc/arm-none-eabi/13.3.1/thumb/v7e-m+fp/hard/crtbegin.o
 *(.bss*)
 .bss.RX_FIFO   0x2000009c      0x4b0 ./Src/fifo.o
                0x2000009c                RX_FIFO
 .bss.rx_put_pt
                0x2000054c        0x4 ./Src/fifo.o
                0x2000054c                rx_put_pt
 .bss.rx_get_pt
                0x20000550        0x4 ./Src/fifo.o
                0x20000550                rx_get_pt
 .bss.g_sensor_read
                0x20000554        0x4 ./Src/main.o
                0x20000554                g_sensor_read
 .bss.g_fifo_full_flag
                0x20000558        0x1 ./Src/main.o
                0x20000558                g_fifo_full_flag
 .bss.g_process_flag
                0x20000559        0x1 ./Src/main.o
                0x20000559                g_process_flag
 *fill*         0x2000055a        0x2 
 .bss.sensor_data_buffer
                0x2000055c      0x4b0 ./Src/main.o
                0x2000055c                sensor_data_buffer
 .bss.output_signal_arr
                0x20000a0c      0x52c ./Src/main.o
                0x20000a0c                output_signal_arr
 *(COMMON)
                0x20000f38                        . = ALIGN (0x4)
                0x20000f38                        _ebss = .
                0x20000f38                        __bss_end__ = _ebss

._user_heap_stack
                0x20000f38      0x600
                0x20000f38                        . = ALIGN (0x8)
                [!provide]                        PROVIDE (end = .)
                0x20000f38                        PROVIDE (_end = .)
                0x20001138                        . = (. + _Min_Heap_Size)
 *fill*         0x20000f38      0x200 
                0x20001538                        . = (. + _Min_Stack_Size)
 *fill*         0x20001138      0x400 
                0x20001538                        . = ALIGN (0x8)

/DISCARD/
 libc.a(*)
 libm.a(*)
 libgcc.a(*)

.ARM.attributes
                0x00000000       0x30
 *(.ARM.attributes)
 .ARM.attributes
                0x00000000       0x22 C:/ST/STM32CubeIDE_1.17.0/STM32CubeIDE/plugins/com.st.stm32cube.ide.mcu.externaltools.gnu-tools-for-stm32.13.3.rel1.win32_1.0.0.202411081344/tools/bin/../lib/gcc/arm-none-eabi/13.3.1/thumb/v7e-m+fp/hard/crti.o
 .ARM.attributes
                0x00000022       0x34 C:/ST/STM32CubeIDE_1.17.0/STM32CubeIDE/plugins/com.st.stm32cube.ide.mcu.externaltools.gnu-tools-for-stm32.13.3.rel1.win32_1.0.0.202411081344/tools/bin/../lib/gcc/arm-none-eabi/13.3.1/thumb/v7e-m+fp/hard/crtbegin.o
 .ARM.attributes
                0x00000056       0x34 ./Src/adc.o
 .ARM.attributes
                0x0000008a       0x34 ./Src/clock.o
 .ARM.attributes
                0x000000be       0x34 ./Src/fifo.o
 .ARM.attributes
                0x000000f2       0x34 ./Src/main.o
 .ARM.attributes
                0x00000126       0x34 ./Src/signals.o
 .ARM.attributes
                0x0000015a       0x34 ./Src/tim.o
 .ARM.attributes
                0x0000018e       0x21 ./Startup/startup_stm32f407vgtx.o
 .ARM.attributes
                0x000001af       0x34 C:/ST/STM32CubeIDE_1.17.0/STM32CubeIDE/plugins/com.st.stm32cube.ide.mcu.externaltools.gnu-tools-for-stm32.13.3.rel1.win32_1.0.0.202411081344/tools/bin/../lib/gcc/arm-none-eabi/13.3.1/../../../../arm-none-eabi/lib/thumb/v7e-m+fp/hard\libc_nano.a(libc_a-init.o)
 .ARM.attributes
                0x000001e3       0x22 C:/ST/STM32CubeIDE_1.17.0/STM32CubeIDE/plugins/com.st.stm32cube.ide.mcu.externaltools.gnu-tools-for-stm32.13.3.rel1.win32_1.0.0.202411081344/tools/bin/../lib/gcc/arm-none-eabi/13.3.1/thumb/v7e-m+fp/hard/crtn.o
OUTPUT(SensorDataBlockProcessing_FIR.elf elf32-littlearm)
LOAD linker stubs
LOAD C:/ST/STM32CubeIDE_1.17.0/STM32CubeIDE/plugins/com.st.stm32cube.ide.mcu.externaltools.gnu-tools-for-stm32.13.3.rel1.win32_1.0.0.202411081344/tools/bin/../lib/gcc/arm-none-eabi/13.3.1/../../../../arm-none-eabi/lib/thumb/v7e-m+fp/hard\libc.a
LOAD C:/ST/STM32CubeIDE_1.17.0/STM32CubeIDE/plugins/com.st.stm32cube.ide.mcu.externaltools.gnu-tools-for-stm32.13.3.rel1.win32_1.0.0.202411081344/tools/bin/../lib/gcc/arm-none-eabi/13.3.1/../../../../arm-none-eabi/lib/thumb/v7e-m+fp/hard\libm.a
LOAD C:/ST/STM32CubeIDE_1.17.0/STM32CubeIDE/plugins/com.st.stm32cube.ide.mcu.externaltools.gnu-tools-for-stm32.13.3.rel1.win32_1.0.0.202411081344/tools/bin/../lib/gcc/arm-none-eabi/13.3.1/thumb/v7e-m+fp/hard\libgcc.a

.debug_info     0x00000000     0x16c2
 .debug_info    0x00000000      0x405 ./Src/adc.o
 .debug_info    0x00000405      0x2bc ./Src/clock.o
 .debug_info    0x000006c1      0x16f ./Src/fifo.o
 .debug_info    0x00000830      0x6be ./Src/main.o
 .debug_info    0x00000eee       0x6f ./Src/signals.o
 .debug_info    0x00000f5d      0x735 ./Src/tim.o
 .debug_info    0x00001692       0x30 ./Startup/startup_stm32f407vgtx.o

.debug_abbrev   0x00000000      0x66b
 .debug_abbrev  0x00000000      0x10a ./Src/adc.o
 .debug_abbrev  0x0000010a       0xb5 ./Src/clock.o
 .debug_abbrev  0x000001bf       0xcd ./Src/fifo.o
 .debug_abbrev  0x0000028c      0x23c ./Src/main.o
 .debug_abbrev  0x000004c8       0x45 ./Src/signals.o
 .debug_abbrev  0x0000050d      0x13a ./Src/tim.o
 .debug_abbrev  0x00000647       0x24 ./Startup/startup_stm32f407vgtx.o

.debug_aranges  0x00000000      0x138
 .debug_aranges
                0x00000000       0x30 ./Src/adc.o
 .debug_aranges
                0x00000030       0x20 ./Src/clock.o
 .debug_aranges
                0x00000050       0x30 ./Src/fifo.o
 .debug_aranges
                0x00000080       0x50 ./Src/main.o
 .debug_aranges
                0x000000d0       0x18 ./Src/signals.o
 .debug_aranges
                0x000000e8       0x28 ./Src/tim.o
 .debug_aranges
                0x00000110       0x28 ./Startup/startup_stm32f407vgtx.o

.debug_rnglists
                0x00000000       0xbe
 .debug_rnglists
                0x00000000       0x20 ./Src/adc.o
 .debug_rnglists
                0x00000020       0x14 ./Src/clock.o
 .debug_rnglists
                0x00000034       0x1f ./Src/fifo.o
 .debug_rnglists
                0x00000053       0x39 ./Src/main.o
 .debug_rnglists
                0x0000008c       0x19 ./Src/tim.o
 .debug_rnglists
                0x000000a5       0x19 ./Startup/startup_stm32f407vgtx.o

.debug_macro    0x00000000    0x189f3
 .debug_macro   0x00000000       0xd8 ./Src/adc.o
 .debug_macro   0x000000d8      0xaf0 ./Src/adc.o
 .debug_macro   0x00000bc8       0x28 ./Src/adc.o
 .debug_macro   0x00000bf0       0x2f ./Src/adc.o
 .debug_macro   0x00000c1f       0x22 ./Src/adc.o
 .debug_macro   0x00000c41       0x8e ./Src/adc.o
 .debug_macro   0x00000ccf       0x51 ./Src/adc.o
 .debug_macro   0x00000d20      0x103 ./Src/adc.o
 .debug_macro   0x00000e23       0x6a ./Src/adc.o
 .debug_macro   0x00000e8d      0x1df ./Src/adc.o
 .debug_macro   0x0000106c       0x1c ./Src/adc.o
 .debug_macro   0x00001088       0x22 ./Src/adc.o
 .debug_macro   0x000010aa       0xfb ./Src/adc.o
 .debug_macro   0x000011a5     0x1011 ./Src/adc.o
 .debug_macro   0x000021b6      0x11f ./Src/adc.o
 .debug_macro   0x000022d5    0x15e97 ./Src/adc.o
 .debug_macro   0x0001816c       0x6d ./Src/adc.o
 .debug_macro   0x000181d9       0xd8 ./Src/clock.o
 .debug_macro   0x000182b1       0x72 ./Src/fifo.o
 .debug_macro   0x00018323       0x16 ./Src/fifo.o
 .debug_macro   0x00018339      0x35d ./Src/main.o
 .debug_macro   0x00018696       0x61 ./Src/main.o
 .debug_macro   0x000186f7      0x190 ./Src/main.o
 .debug_macro   0x00018887       0x10 ./Src/main.o
 .debug_macro   0x00018897       0x16 ./Src/main.o
 .debug_macro   0x000188ad       0x10 ./Src/main.o
 .debug_macro   0x000188bd       0x1c ./Src/main.o
 .debug_macro   0x000188d9       0x10 ./Src/main.o
 .debug_macro   0x000188e9       0x1a ./Src/signals.o
 .debug_macro   0x00018903       0xf0 ./Src/tim.o

.debug_line     0x00000000     0x2302
 .debug_line    0x00000000      0x618 ./Src/adc.o
 .debug_line    0x00000618      0x615 ./Src/clock.o
 .debug_line    0x00000c2d      0x47f ./Src/fifo.o
 .debug_line    0x000010ac      0xbb6 ./Src/main.o
 .debug_line    0x00001c62       0x45 ./Src/signals.o
 .debug_line    0x00001ca7      0x5e0 ./Src/tim.o
 .debug_line    0x00002287       0x7b ./Startup/startup_stm32f407vgtx.o

.debug_str      0x00000000    0x8df9a
 .debug_str     0x00000000    0x8df9a ./Src/adc.o
                              0x8860a (size before relaxing)
 .debug_str     0x0008df9a    0x88592 ./Src/clock.o
 .debug_str     0x0008df9a     0x3e98 ./Src/fifo.o
 .debug_str     0x0008df9a    0x8dae7 ./Src/main.o
 .debug_str     0x0008df9a     0x2f40 ./Src/signals.o
 .debug_str     0x0008df9a    0x88b3c ./Src/tim.o
 .debug_str     0x0008df9a       0x97 ./Startup/startup_stm32f407vgtx.o

.comment        0x00000000       0x43
 .comment       0x00000000       0x43 ./Src/adc.o
                                 0x44 (size before relaxing)
 .comment       0x00000043       0x44 ./Src/clock.o
 .comment       0x00000043       0x44 ./Src/fifo.o
 .comment       0x00000043       0x44 ./Src/main.o
 .comment       0x00000043       0x44 ./Src/signals.o
 .comment       0x00000043       0x44 ./Src/tim.o

.debug_frame    0x00000000      0x2a4
 .debug_frame   0x00000000       0x70 ./Src/adc.o
 .debug_frame   0x00000070       0x30 ./Src/clock.o
 .debug_frame   0x000000a0       0x80 ./Src/fifo.o
 .debug_frame   0x00000120      0x104 ./Src/main.o
 .debug_frame   0x00000224       0x54 ./Src/tim.o
 .debug_frame   0x00000278       0x2c C:/ST/STM32CubeIDE_1.17.0/STM32CubeIDE/plugins/com.st.stm32cube.ide.mcu.externaltools.gnu-tools-for-stm32.13.3.rel1.win32_1.0.0.202411081344/tools/bin/../lib/gcc/arm-none-eabi/13.3.1/../../../../arm-none-eabi/lib/thumb/v7e-m+fp/hard\libc_nano.a(libc_a-init.o)

.debug_line_str
                0x00000000       0x7b
 .debug_line_str
                0x00000000       0x7b ./Startup/startup_stm32f407vgtx.o
