Archive member included to satisfy reference by file (symbol)

C:/ST/STM32CubeIDE_1.17.0/STM32CubeIDE/plugins/com.st.stm32cube.ide.mcu.externaltools.gnu-tools-for-stm32.13.3.rel1.win32_1.0.0.202411081344/tools/bin/../lib/gcc/arm-none-eabi/13.3.1/../../../../arm-none-eabi/lib/thumb/v7e-m+fp/hard\libc_nano.a(libc_a-calloc.o)
                              ./Src/fir_filter.o (calloc)
C:/ST/STM32CubeIDE_1.17.0/STM32CubeIDE/plugins/com.st.stm32cube.ide.mcu.externaltools.gnu-tools-for-stm32.13.3.rel1.win32_1.0.0.202411081344/tools/bin/../lib/gcc/arm-none-eabi/13.3.1/../../../../arm-none-eabi/lib/thumb/v7e-m+fp/hard\libc_nano.a(libc_a-callocr.o)
                              C:/ST/STM32CubeIDE_1.17.0/STM32CubeIDE/plugins/com.st.stm32cube.ide.mcu.externaltools.gnu-tools-for-stm32.13.3.rel1.win32_1.0.0.202411081344/tools/bin/../lib/gcc/arm-none-eabi/13.3.1/../../../../arm-none-eabi/lib/thumb/v7e-m+fp/hard\libc_nano.a(libc_a-calloc.o) (_calloc_r)
C:/ST/STM32CubeIDE_1.17.0/STM32CubeIDE/plugins/com.st.stm32cube.ide.mcu.externaltools.gnu-tools-for-stm32.13.3.rel1.win32_1.0.0.202411081344/tools/bin/../lib/gcc/arm-none-eabi/13.3.1/../../../../arm-none-eabi/lib/thumb/v7e-m+fp/hard\libc_nano.a(libc_a-exit.o)
                              C:/ST/STM32CubeIDE_1.17.0/STM32CubeIDE/plugins/com.st.stm32cube.ide.mcu.externaltools.gnu-tools-for-stm32.13.3.rel1.win32_1.0.0.202411081344/tools/bin/../lib/gcc/arm-none-eabi/13.3.1/../../../../arm-none-eabi/lib/thumb/v7e-m+fp/hard/crt0.o (exit)
C:/ST/STM32CubeIDE_1.17.0/STM32CubeIDE/plugins/com.st.stm32cube.ide.mcu.externaltools.gnu-tools-for-stm32.13.3.rel1.win32_1.0.0.202411081344/tools/bin/../lib/gcc/arm-none-eabi/13.3.1/../../../../arm-none-eabi/lib/thumb/v7e-m+fp/hard\libc_nano.a(libc_a-mallocr.o)
                              C:/ST/STM32CubeIDE_1.17.0/STM32CubeIDE/plugins/com.st.stm32cube.ide.mcu.externaltools.gnu-tools-for-stm32.13.3.rel1.win32_1.0.0.202411081344/tools/bin/../lib/gcc/arm-none-eabi/13.3.1/../../../../arm-none-eabi/lib/thumb/v7e-m+fp/hard\libc_nano.a(libc_a-callocr.o) (_malloc_r)
C:/ST/STM32CubeIDE_1.17.0/STM32CubeIDE/plugins/com.st.stm32cube.ide.mcu.externaltools.gnu-tools-for-stm32.13.3.rel1.win32_1.0.0.202411081344/tools/bin/../lib/gcc/arm-none-eabi/13.3.1/../../../../arm-none-eabi/lib/thumb/v7e-m+fp/hard\libc_nano.a(libc_a-mlock.o)
                              C:/ST/STM32CubeIDE_1.17.0/STM32CubeIDE/plugins/com.st.stm32cube.ide.mcu.externaltools.gnu-tools-for-stm32.13.3.rel1.win32_1.0.0.202411081344/tools/bin/../lib/gcc/arm-none-eabi/13.3.1/../../../../arm-none-eabi/lib/thumb/v7e-m+fp/hard\libc_nano.a(libc_a-mallocr.o) (__malloc_lock)
C:/ST/STM32CubeIDE_1.17.0/STM32CubeIDE/plugins/com.st.stm32cube.ide.mcu.externaltools.gnu-tools-for-stm32.13.3.rel1.win32_1.0.0.202411081344/tools/bin/../lib/gcc/arm-none-eabi/13.3.1/../../../../arm-none-eabi/lib/thumb/v7e-m+fp/hard\libc_nano.a(libc_a-findfp.o)
                              C:/ST/STM32CubeIDE_1.17.0/STM32CubeIDE/plugins/com.st.stm32cube.ide.mcu.externaltools.gnu-tools-for-stm32.13.3.rel1.win32_1.0.0.202411081344/tools/bin/../lib/gcc/arm-none-eabi/13.3.1/../../../../arm-none-eabi/lib/thumb/v7e-m+fp/hard\libc_nano.a(libc_a-exit.o) (__stdio_exit_handler)
C:/ST/STM32CubeIDE_1.17.0/STM32CubeIDE/plugins/com.st.stm32cube.ide.mcu.externaltools.gnu-tools-for-stm32.13.3.rel1.win32_1.0.0.202411081344/tools/bin/../lib/gcc/arm-none-eabi/13.3.1/../../../../arm-none-eabi/lib/thumb/v7e-m+fp/hard\libc_nano.a(libc_a-fwalk.o)
                              C:/ST/STM32CubeIDE_1.17.0/STM32CubeIDE/plugins/com.st.stm32cube.ide.mcu.externaltools.gnu-tools-for-stm32.13.3.rel1.win32_1.0.0.202411081344/tools/bin/../lib/gcc/arm-none-eabi/13.3.1/../../../../arm-none-eabi/lib/thumb/v7e-m+fp/hard\libc_nano.a(libc_a-findfp.o) (_fwalk_sglue)
C:/ST/STM32CubeIDE_1.17.0/STM32CubeIDE/plugins/com.st.stm32cube.ide.mcu.externaltools.gnu-tools-for-stm32.13.3.rel1.win32_1.0.0.202411081344/tools/bin/../lib/gcc/arm-none-eabi/13.3.1/../../../../arm-none-eabi/lib/thumb/v7e-m+fp/hard\libc_nano.a(libc_a-stdio.o)
                              C:/ST/STM32CubeIDE_1.17.0/STM32CubeIDE/plugins/com.st.stm32cube.ide.mcu.externaltools.gnu-tools-for-stm32.13.3.rel1.win32_1.0.0.202411081344/tools/bin/../lib/gcc/arm-none-eabi/13.3.1/../../../../arm-none-eabi/lib/thumb/v7e-m+fp/hard\libc_nano.a(libc_a-findfp.o) (__sread)
C:/ST/STM32CubeIDE_1.17.0/STM32CubeIDE/plugins/com.st.stm32cube.ide.mcu.externaltools.gnu-tools-for-stm32.13.3.rel1.win32_1.0.0.202411081344/tools/bin/../lib/gcc/arm-none-eabi/13.3.1/../../../../arm-none-eabi/lib/thumb/v7e-m+fp/hard\libc_nano.a(libc_a-memset.o)
                              C:/ST/STM32CubeIDE_1.17.0/STM32CubeIDE/plugins/com.st.stm32cube.ide.mcu.externaltools.gnu-tools-for-stm32.13.3.rel1.win32_1.0.0.202411081344/tools/bin/../lib/gcc/arm-none-eabi/13.3.1/../../../../arm-none-eabi/lib/thumb/v7e-m+fp/hard/crt0.o (memset)
[...]
Memory Configuration

Name             Origin             Length             Attributes
CCMRAM           0x10000000         0x00010000         xrw
RAM              0x20000000         0x00020000         xrw
FLASH            0x08000000         0x00100000         xr
*default*        0x00000000         0xffffffff

Linker script and memory map

LOAD C:/ST/STM32CubeIDE_1.17.0/STM32CubeIDE/plugins/com.st.stm32cube.ide.mcu.externaltools.gnu-tools-for-stm32.13.3.rel1.win32_1.0.0.202411081344/tools/bin/../lib/gcc/arm-none-eabi/13.3.1/thumb/v7e-m+fp/hard/crti.o
LOAD C:/ST/STM32CubeIDE_1.17.0/STM32CubeIDE/plugins/com.st.stm32cube.ide.mcu.externaltools.gnu-tools-for-stm32.13.3.rel1.win32_1.0.0.202411081344/tools/bin/../lib/gcc/arm-none-eabi/13.3.1/thumb/v7e-m+fp/hard/crtbegin.o
LOAD C:/ST/STM32CubeIDE_1.17.0/STM32CubeIDE/plugins/com.st.stm32cube.ide.mcu.externaltools.gnu-tools-for-stm32.13.3.rel1.win32_1.0.0.202411081344/tools/bin/../lib/gcc/arm-none-eabi/13.3.1/../../../../arm-none-eabi/lib/thumb/v7e-m+fp/hard/crt0.o
LOAD ./Src/adc.o
LOAD ./Src/clock.o
LOAD ./Src/fifo.o
LOAD ./Src/fir_filter.o
LOAD ./Src/main.o
LOAD ./Src/signals.o
LOAD ./Src/syscalls.o
LOAD ./Src/sysmem.o
LOAD ./Src/tim.o
LOAD ./Startup/startup_stm32f407vgtx.o
START GROUP
LOAD C:/ST/STM32CubeIDE_1.17.0/STM32CubeIDE/plugins/com.st.stm32cube.ide.mcu.externaltools.gnu-tools-for-stm32.13.3.rel1.win32_1.0.0.202411081344/tools/bin/../lib/gcc/arm-none-eabi/13.3.1/../../../../arm-none-eabi/lib/thumb/v7e-m+fp/hard\libc_nano.a
LOAD C:/ST/STM32CubeIDE_1.17.0/STM32CubeIDE/plugins/com.st.stm32cube.ide.mcu.externaltools.gnu-tools-for-stm32.13.3.rel1.win32_1.0.0.202411081344/tools/bin/../lib/gcc/arm-none-eabi/13.3.1/../../../../arm-none-eabi/lib/thumb/v7e-m+fp/hard\libm.a
END GROUP
START GROUP
LOAD C:/ST/STM32CubeIDE_1.17.0/STM32CubeIDE/plugins/com.st.stm32cube.ide.mcu.externaltools.gnu-tools-for-stm32.13.3.rel1.win32_1.0.0.202411081344/tools/bin/../lib/gcc/arm-none-eabi/13.3.1/thumb/v7e-m+fp/hard\libgcc.a
LOAD C:/ST/STM32CubeIDE_1.17.0/STM32CubeIDE/plugins/com.st.stm32cube.ide.mcu.externaltools.gnu-tools-for-stm32.13.3.rel1.win32_1.0.0.202411081344/tools/bin/../lib/gcc/arm-none-eabi/13.3.1/../../../../arm-none-eabi/lib/thumb/v7e-m+fp/hard\libc_nano.a
END GROUP
START GROUP
LOAD C:/ST/STM32CubeIDE_1.17.0/STM32CubeIDE/plugins/com.st.stm32cube.ide.mcu.externaltools.gnu-tools-for-stm32.13.3.rel1.win32_1.0.0.202411081344/tools/bin/../lib/gcc/arm-none-eabi/13.3.1/thumb/v7e-m+fp/hard\libgcc.a
LOAD C:/ST/STM32CubeIDE_1.17.0/STM32CubeIDE/plugins/com.st.stm32cube.ide.mcu.externaltools.gnu-tools-for-stm32.13.3.rel1.win32_1.0.0.202411081344/tools/bin/../lib/gcc/arm-none-eabi/13.3.1/../../../../arm-none-eabi/lib/thumb/v7e-m+fp/hard\libc_nano.a
LOAD C:/ST/STM32CubeIDE_1.17.0/STM32CubeIDE/plugins/com.st.stm32cube.ide.mcu.externaltools.gnu-tools-for-stm32.13.3.rel1.win32_1.0.0.202411081344/tools/bin/../lib/gcc/arm-none-eabi/13.3.1/../../../../arm-none-eabi/lib/thumb/v7e-m+fp/hard\libnosys.a
END GROUP
START GROUP
LOAD C:/ST/STM32CubeIDE_1.17.0/STM32CubeIDE/plugins/com.st.stm32cube.ide.mcu.externaltools.gnu-tools-for-stm32.13.3.rel1.win32_1.0.0.202411081344/tools/bin/../lib/gcc/arm-none-eabi/13.3.1/thumb/v7e-m+fp/hard\libgcc.a
LOAD C:/ST/STM32CubeIDE_1.17.0/STM32CubeIDE/plugins/com.st.stm32cube.ide.mcu.externaltools.gnu-tools-for-stm32.13.3.rel1.win32_1.0.0.202411081344/tools/bin/../lib/gcc/arm-none-eabi/13.3.1/../../../../arm-none-eabi/lib/thumb/v7e-m+fp/hard\libc_nano.a
LOAD C:/ST/STM32CubeIDE_1.17.0/STM32CubeIDE/plugins/com.st.stm32cube.ide.mcu.externaltools.gnu-tools-for-stm32.13.3.rel1.win32_1.0.0.202411081344/tools/bin/../lib/gcc/arm-none-eabi/13.3.1/../../../../arm-none-eabi/lib/thumb/v7e-m+fp/hard\libnosys.a
END GROUP
LOAD C:/ST/STM32CubeIDE_1.17.0/STM32CubeIDE/plugins/com.st.stm32cube.ide.mcu.externaltools.gnu-tools-for-stm32.13.3.rel1.win32_1.0.0.202411081344/tools/bin/../lib/gcc/arm-none-eabi/13.3.1/thumb/v7e-m+fp/hard/crtend.o
LOAD C:/ST/STM32CubeIDE_1.17.0/STM32CubeIDE/plugins/com.st.stm32cube.ide.mcu.externaltools.gnu-tools-for-stm32.13.3.rel1.win32_1.0.0.202411081344/tools/bin/../lib/gcc/arm-none-eabi/13.3.1/thumb/v7e-m+fp/hard/crtn.o
                0x20020000                        _estack = (ORIGIN (RAM) + LENGTH (RAM))
                0x00000200                        _Min_Heap_Size = 0x200
                0x00000400                        _Min_Stack_Size = 0x400

.isr_vector     0x08000000      0x188
                0x08000000                        . = ALIGN (0x4)
 *(.isr_vector)
 .isr_vector    0x08000000      0x188 ./Startup/startup_stm32f407vgtx.o
                0x08000000                g_pfnVectors
                0x08000188                        . = ALIGN (0x4)

.text           0x08000188      0xb44
                0x08000188                        . = ALIGN (0x4)
 *(.text)
 .text          0x08000188       0x40 C:/ST/STM32CubeIDE_1.17.0/STM32CubeIDE/plugins/com.st.stm32cube.ide.mcu.externaltools.gnu-tools-for-stm32.13.3.rel1.win32_1.0.0.202411081344/tools/bin/../lib/gcc/arm-none-eabi/13.3.1/thumb/v7e-m+fp/hard/crtbegin.o
 .text          0x080001c8      0x378 C:/ST/STM32CubeIDE_1.17.0/STM32CubeIDE/plugins/com.st.stm32cube.ide.mcu.externaltools.gnu-tools-for-stm32.13.3.rel1.win32_1.0.0.202411081344/tools/bin/../lib/gcc/arm-none-eabi/13.3.1/thumb/v7e-m+fp/hard\libgcc.a(_arm_addsubdf3.o)
                0x080001c8                __aeabi_drsub
                0x080001d0                __aeabi_dsub
                0x080001d0                __subdf3
                0x080001d4                __aeabi_dadd
                0x080001d4                __adddf3
                0x0800044c                __floatunsidf
                0x0800044c                __aeabi_ui2d
                0x0800046c                __floatsidf
                0x0800046c                __aeabi_i2d
                0x08000490                __aeabi_f2d
                0x08000490                __extendsfdf2
                0x080004d4                __floatundidf
                0x080004d4                __aeabi_ul2d
                0x080004e4                __floatdidf
                0x080004e4                __aeabi_l2d
 .text          0x08000540      0x110 C:/ST/STM32CubeIDE_1.17.0/STM32CubeIDE/plugins/com.st.stm32cube.ide.mcu.externaltools.gnu-tools-for-stm32.13.3.rel1.win32_1.0.0.202411081344/tools/bin/../lib/gcc/arm-none-eabi/13.3.1/thumb/v7e-m+fp/hard\libgcc.a(_arm_cmpdf2.o)
                0x08000540                __gtdf2
                0x08000540                __gedf2
                0x08000548                __ltdf2
                0x08000548                __ledf2
                0x08000550                __nedf2
                0x08000550                __eqdf2
                0x08000550                __cmpdf2
                0x080005cc                __aeabi_cdrcmple
                0x080005dc                __aeabi_cdcmpeq
                0x080005dc                __aeabi_cdcmple
                0x080005ec                __aeabi_dcmpeq
                0x08000600                __aeabi_dcmplt
                0x08000614                __aeabi_dcmple
                0x08000628                __aeabi_dcmpge
                0x0800063c                __aeabi_dcmpgt
 .text          0x08000650       0x50 C:/ST/STM32CubeIDE_1.17.0/STM32CubeIDE/plugins/com.st.stm32cube.ide.mcu.externaltools.gnu-tools-for-stm32.13.3.rel1.win32_1.0.0.202411081344/tools/bin/../lib/gcc/arm-none-eabi/13.3.1/thumb/v7e-m+fp/hard\libgcc.a(_arm_fixdfsi.o)
                0x08000650                __aeabi_d2iz
                0x08000650                __fixdfsi
 *(.text*)
 .text.pa1_adc_init
                0x080006a0       0xa4 ./Src/adc.o
                0x080006a0                pa1_adc_init
 .text.start_conversion
                0x08000744       0x2c ./Src/adc.o
                0x08000744                start_conversion
 .text.adc_read
                0x08000770       0x24 ./Src/adc.o
                0x08000770                adc_read
 .text.clock_100Mhz_config
                0x08000794       0xc0 ./Src/clock.o
                0x08000794                clock_100Mhz_config
 .text.rx_fifo_init
                0x08000854       0x28 ./Src/fifo.o
                0x08000854                rx_fifo_init
 .text.rx_fifo_put
                0x0800087c       0x58 ./Src/fifo.o
                0x0800087c                rx_fifo_put
 .text.rx_fifo_get
                0x080008d4       0x5c ./Src/fifo.o
                0x080008d4                rx_fifo_get
 .text.main     0x08000930       0xa4 ./Src/main.o
                0x08000930                main
 .text.read_fifo
                0x080009d4       0x38 ./Src/main.o
 .text.moving_average
                0x08000a0c       0xfc ./Src/main.o
                0x08000a0c                moving_average
 .text.clear_data_buffer
                0x08000b08       0x38 ./Src/main.o
 .text.tim2_callback
                0x08000b40       0x34 ./Src/main.o
 .text.TIM2_IRQHandler
                0x08000b74       0x1c ./Src/main.o
                0x08000b74                TIM2_IRQHandler
 .text.__NVIC_EnableIRQ
                0x08000b90       0x3c ./Src/tim.o
 .text.tim2_1hz_interrupt_init
                0x08000bcc       0x4c ./Src/tim.o
                0x08000bcc                tim2_1hz_interrupt_init
 .text.Reset_Handler
                0x08000c18       0x50 ./Startup/startup_stm32f407vgtx.o
                0x08000c18                Reset_Handler
 .text.Default_Handler
                0x08000c68        0x2 ./Startup/startup_stm32f407vgtx.o
                0x08000c68                RTC_Alarm_IRQHandler
                0x08000c68                HASH_RNG_IRQHandler
                0x08000c68                EXTI2_IRQHandler
                0x08000c68                TIM8_CC_IRQHandler
                0x08000c68                DebugMon_Handler
                0x08000c68                TIM1_CC_IRQHandler
                0x08000c68                DMA2_Stream5_IRQHandler
                0x08000c68                HardFault_Handler
                0x08000c68                DMA1_Stream5_IRQHandler
                0x08000c68                SysTick_Handler
                0x08000c68                PVD_IRQHandler
                0x08000c68                SDIO_IRQHandler
                0x08000c68                TAMP_STAMP_IRQHandler
                0x08000c68                PendSV_Handler
                0x08000c68                NMI_Handler
                0x08000c68                CAN2_RX1_IRQHandler
                0x08000c68                EXTI3_IRQHandler
                0x08000c68                TIM8_TRG_COM_TIM14_IRQHandler
                0x08000c68                TIM1_UP_TIM10_IRQHandler
                0x08000c68                TIM8_UP_TIM13_IRQHandler
                0x08000c68                I2C3_ER_IRQHandler
                0x08000c68                EXTI0_IRQHandler
                0x08000c68                I2C2_EV_IRQHandler
                0x08000c68                DMA1_Stream2_IRQHandler
                0x08000c68                CAN1_RX0_IRQHandler
                0x08000c68                FPU_IRQHandler
                0x08000c68                OTG_HS_WKUP_IRQHandler
                0x08000c68                UsageFault_Handler
                0x08000c68                CAN2_SCE_IRQHandler
                0x08000c68                DMA2_Stream2_IRQHandler
                0x08000c68                SPI1_IRQHandler
                0x08000c68                TIM6_DAC_IRQHandler
                0x08000c68                TIM1_BRK_TIM9_IRQHandler
                0x08000c68                DCMI_IRQHandler
                0x08000c68                CAN2_RX0_IRQHandler
                0x08000c68                DMA2_Stream3_IRQHandler
                0x08000c68                USART6_IRQHandler
                0x08000c68                USART3_IRQHandler
                0x08000c68                CRYP_IRQHandler
                0x08000c68                CAN1_RX1_IRQHandler
                0x08000c68                UART5_IRQHandler
                0x08000c68                DMA2_Stream0_IRQHandler
                0x08000c68                TIM4_IRQHandler
                0x08000c68                I2C1_EV_IRQHandler
                0x08000c68                DMA1_Stream6_IRQHandler
                0x08000c68                DMA1_Stream1_IRQHandler
                0x08000c68                UART4_IRQHandler
                0x08000c68                TIM3_IRQHandler
                0x08000c68                RCC_IRQHandler
                0x08000c68                TIM8_BRK_TIM12_IRQHandler
                0x08000c68                Default_Handler
                0x08000c68                EXTI15_10_IRQHandler
                0x08000c68                ADC_IRQHandler
                0x08000c68                DMA1_Stream7_IRQHandler
                0x08000c68                TIM7_IRQHandler
                0x08000c68                CAN2_TX_IRQHandler
                0x08000c68                TIM5_IRQHandler
                0x08000c68                DMA2_Stream7_IRQHandler
                0x08000c68                I2C3_EV_IRQHandler
                0x08000c68                EXTI9_5_IRQHandler
                0x08000c68                RTC_WKUP_IRQHandler
                0x08000c68                ETH_WKUP_IRQHandler
                0x08000c68                SPI2_IRQHandler
                0x08000c68                OTG_HS_EP1_IN_IRQHandler
                0x08000c68                MemManage_Handler
                0x08000c68                DMA1_Stream0_IRQHandler
                0x08000c68                CAN1_TX_IRQHandler
                0x08000c68                SVC_Handler
                0x08000c68                EXTI4_IRQHandler
                0x08000c68                FSMC_IRQHandler
                0x08000c68                ETH_IRQHandler
                0x08000c68                OTG_HS_EP1_OUT_IRQHandler
                0x08000c68                WWDG_IRQHandler
                0x08000c68                OTG_FS_WKUP_IRQHandler
                0x08000c68                TIM1_TRG_COM_TIM11_IRQHandler
                0x08000c68                OTG_HS_IRQHandler
                0x08000c68                EXTI1_IRQHandler
                0x08000c68                USART2_IRQHandler
                0x08000c68                I2C2_ER_IRQHandler
                0x08000c68                DMA2_Stream1_IRQHandler
                0x08000c68                CAN1_SCE_IRQHandler
                0x08000c68                DMA2_Stream4_IRQHandler
                0x08000c68                BusFault_Handler
                0x08000c68                USART1_IRQHandler
                0x08000c68                OTG_FS_IRQHandler
                0x08000c68                SPI3_IRQHandler
                0x08000c68                DMA1_Stream4_IRQHandler
                0x08000c68                I2C1_ER_IRQHandler
                0x08000c68                DMA2_Stream6_IRQHandler
                0x08000c68                DMA1_Stream3_IRQHandler
 *fill*         0x08000c6a        0x2 
 .text.__libc_init_array
                0x08000c6c       0x48 C:/ST/STM32CubeIDE_1.17.0/STM32CubeIDE/plugins/com.st.stm32cube.ide.mcu.externaltools.gnu-tools-for-stm32.13.3.rel1.win32_1.0.0.202411081344/tools/bin/../lib/gcc/arm-none-eabi/13.3.1/../../../../arm-none-eabi/lib/thumb/v7e-m+fp/hard\libc_nano.a(libc_a-init.o)
                0x08000c6c                __libc_init_array
 *(.glue_7)
 .glue_7        0x08000cb4        0x0 linker stubs
 *(.glue_7t)
 .glue_7t       0x08000cb4        0x0 linker stubs
 *(.eh_frame)
 .eh_frame      0x08000cb4        0x0 C:/ST/STM32CubeIDE_1.17.0/STM32CubeIDE/plugins/com.st.stm32cube.ide.mcu.externaltools.gnu-tools-for-stm32.13.3.rel1.win32_1.0.0.202411081344/tools/bin/../lib/gcc/arm-none-eabi/13.3.1/thumb/v7e-m+fp/hard/crtbegin.o
 *(.init)
 .init          0x08000cb4        0x4 C:/ST/STM32CubeIDE_1.17.0/STM32CubeIDE/plugins/com.st.stm32cube.ide.mcu.externaltools.gnu-tools-for-stm32.13.3.rel1.win32_1.0.0.202411081344/tools/bin/../lib/gcc/arm-none-eabi/13.3.1/thumb/v7e-m+fp/hard/crti.o
                0x08000cb4                _init
 .init          0x08000cb8        0x8 C:/ST/STM32CubeIDE_1.17.0/STM32CubeIDE/plugins/com.st.stm32cube.ide.mcu.externaltools.gnu-tools-for-stm32.13.3.rel1.win32_1.0.0.202411081344/tools/bin/../lib/gcc/arm-none-eabi/13.3.1/thumb/v7e-m+fp/hard/crtn.o
 *(.fini)
 .fini          0x08000cc0        0x4 C:/ST/STM32CubeIDE_1.17.0/STM32CubeIDE/plugins/com.st.stm32cube.ide.mcu.externaltools.gnu-tools-for-stm32.13.3.rel1.win32_1.0.0.202411081344/tools/bin/../lib/gcc/arm-none-eabi/13.3.1/thumb/v7e-m+fp/hard/crti.o
                0x08000cc0                _fini
 .fini          0x08000cc4        0x8 C:/ST/STM32CubeIDE_1.17.0/STM32CubeIDE/plugins/com.st.stm32cube.ide.mcu.externaltools.gnu-tools-for-stm32.13.3.rel1.win32_1.0.0.202411081344/tools/bin/../lib/gcc/arm-none-eabi/13.3.1/thumb/v7e-m+fp/hard/crtn.o
                0x08000ccc                        . = ALIGN (0x4)
                0x08000ccc                        _etext = .

.vfp11_veneer   0x08000ccc        0x0
 .vfp11_veneer  0x08000ccc        0x0 linker stubs

.v4_bx          0x08000ccc        0x0
 .v4_bx         0x08000ccc        0x0 linker stubs

.iplt           0x08000ccc        0x0
 .iplt          0x08000ccc        0x0 C:/ST/STM32CubeIDE_1.17.0/STM32CubeIDE/plugins/com.st.stm32cube.ide.mcu.externaltools.gnu-tools-for-stm32.13.3.rel1.win32_1.0.0.202411081344/tools/bin/../lib/gcc/arm-none-eabi/13.3.1/thumb/v7e-m+fp/hard/crtbegin.o

.rodata         0x08000ccc        0x0
                0x08000ccc                        . = ALIGN (0x4)
 *(.rodata)
 *(.rodata*)
                0x08000ccc                        . = ALIGN (0x4)

.ARM.extab      0x08000ccc        0x0
                0x08000ccc                        . = ALIGN (0x4)
 *(.ARM.extab* .gnu.linkonce.armextab.*)
                0x08000ccc                        . = ALIGN (0x4)

.ARM            0x08000ccc        0x0
                0x08000ccc                        . = ALIGN (0x4)
                0x08000ccc                        __exidx_start = .
 *(.ARM.exidx*)
                0x08000ccc                        __exidx_end = .
                0x08000ccc                        . = ALIGN (0x4)

.preinit_array  0x08000ccc        0x0
                0x08000ccc                        . = ALIGN (0x4)
                0x08000ccc                        PROVIDE (__preinit_array_start = .)
 *(.preinit_array*)
                0x08000ccc                        PROVIDE (__preinit_array_end = .)
                0x08000ccc                        . = ALIGN (0x4)

.init_array     0x08000ccc        0x4
                0x08000ccc                        . = ALIGN (0x4)
                0x08000ccc                        PROVIDE (__init_array_start = .)
 *(SORT_BY_NAME(.init_array.*))
 *(.init_array*)
 .init_array    0x08000ccc        0x4 C:/ST/STM32CubeIDE_1.17.0/STM32CubeIDE/plugins/com.st.stm32cube.ide.mcu.externaltools.gnu-tools-for-stm32.13.3.rel1.win32_1.0.0.202411081344/tools/bin/../lib/gcc/arm-none-eabi/13.3.1/thumb/v7e-m+fp/hard/crtbegin.o
                0x08000cd0                        PROVIDE (__init_array_end = .)
                0x08000cd0                        . = ALIGN (0x4)

.fini_array     0x08000cd0        0x4
                0x08000cd0                        . = ALIGN (0x4)
                [!provide]                        PROVIDE (__fini_array_start = .)
 *(SORT_BY_NAME(.fini_array.*))
 *(.fini_array*)
 .fini_array    0x08000cd0        0x4 C:/ST/STM32CubeIDE_1.17.0/STM32CubeIDE/plugins/com.st.stm32cube.ide.mcu.externaltools.gnu-tools-for-stm32.13.3.rel1.win32_1.0.0.202411081344/tools/bin/../lib/gcc/arm-none-eabi/13.3.1/thumb/v7e-m+fp/hard/crtbegin.o
                [!provide]                        PROVIDE (__fini_array_end = .)
                0x08000cd4                        . = ALIGN (0x4)
                0x08000cd4                        _sidata = LOADADDR (.data)

.rel.dyn        0x08000cd4        0x0
 .rel.iplt      0x08000cd4        0x0 C:/ST/STM32CubeIDE_1.17.0/STM32CubeIDE/plugins/com.st.stm32cube.ide.mcu.externaltools.gnu-tools-for-stm32.13.3.rel1.win32_1.0.0.202411081344/tools/bin/../lib/gcc/arm-none-eabi/13.3.1/thumb/v7e-m+fp/hard/crtbegin.o

.data           0x20000000        0x0 load address 0x08000cd4
                0x20000000                        . = ALIGN (0x4)
                0x20000000                        _sdata = .
 *(.data)
 *(.data*)
 *(.RamFunc)
 *(.RamFunc*)
                0x20000000                        . = ALIGN (0x4)
                0x20000000                        _edata = .
                0x08000cd4                        _siccmram = LOADADDR (.ccmram)

.igot.plt       0x20000000        0x0 load address 0x08000cd4
 .igot.plt      0x20000000        0x0 C:/ST/STM32CubeIDE_1.17.0/STM32CubeIDE/plugins/com.st.stm32cube.ide.mcu.externaltools.gnu-tools-for-stm32.13.3.rel1.win32_1.0.0.202411081344/tools/bin/../lib/gcc/arm-none-eabi/13.3.1/thumb/v7e-m+fp/hard/crtbegin.o

.ccmram         0x10000000        0x0 load address 0x08000cd4
                0x10000000                        . = ALIGN (0x4)
                0x10000000                        _sccmram = .
 *(.ccmram)
 *(.ccmram*)
                0x10000000                        . = ALIGN (0x4)
                0x10000000                        _eccmram = .
                0x10000000                        . = ALIGN (0x4)

.bss            0x20000000      0xeb8
                0x20000000                        _sbss = .
                0x20000000                        __bss_start__ = _sbss
 *(.bss)
 .bss           0x20000000       0x1c C:/ST/STM32CubeIDE_1.17.0/STM32CubeIDE/plugins/com.st.stm32cube.ide.mcu.externaltools.gnu-tools-for-stm32.13.3.rel1.win32_1.0.0.202411081344/tools/bin/../lib/gcc/arm-none-eabi/13.3.1/thumb/v7e-m+fp/hard/crtbegin.o
 *(.bss*)
 .bss.RX_FIFO   0x2000001c      0x4b0 ./Src/fifo.o
                0x2000001c                RX_FIFO
 .bss.rx_put_pt
                0x200004cc        0x4 ./Src/fifo.o
                0x200004cc                rx_put_pt
 .bss.rx_get_pt
                0x200004d0        0x4 ./Src/fifo.o
                0x200004d0                rx_get_pt
 .bss.g_sensor_read
                0x200004d4        0x4 ./Src/main.o
                0x200004d4                g_sensor_read
 .bss.g_fifo_full_flag
                0x200004d8        0x1 ./Src/main.o
                0x200004d8                g_fifo_full_flag
 .bss.g_process_flag
                0x200004d9        0x1 ./Src/main.o
                0x200004d9                g_process_flag
 *fill*         0x200004da        0x2 
 .bss.sensor_data_buffer
                0x200004dc      0x4b0 ./Src/main.o
                0x200004dc                sensor_data_buffer
 .bss.output_signal_arr
                0x2000098c      0x52c ./Src/main.o
                0x2000098c                output_signal_arr
 *(COMMON)
                0x20000eb8                        . = ALIGN (0x4)
                0x20000eb8                        _ebss = .
                0x20000eb8                        __bss_end__ = _ebss

._user_heap_stack
                0x20000eb8      0x600
                0x20000eb8                        . = ALIGN (0x8)
                [!provide]                        PROVIDE (end = .)
                0x20000eb8                        PROVIDE (_end = .)
                0x200010b8                        . = (. + _Min_Heap_Size)
 *fill*         0x20000eb8      0x200 
                0x200014b8                        . = (. + _Min_Stack_Size)
 *fill*         0x200010b8      0x400 
                0x200014b8                        . = ALIGN (0x8)

/DISCARD/
 libc.a(*)
 libm.a(*)
 libgcc.a(*)

.ARM.attributes
                0x00000000       0x30
 *(.ARM.attributes)
 .ARM.attributes
                0x00000000       0x22 C:/ST/STM32CubeIDE_1.17.0/STM32CubeIDE/plugins/com.st.stm32cube.ide.mcu.externaltools.gnu-tools-for-stm32.13.3.rel1.win32_1.0.0.202411081344/tools/bin/../lib/gcc/arm-none-eabi/13.3.1/thumb/v7e-m+fp/hard/crti.o
 .ARM.attributes
                0x00000022       0x34 C:/ST/STM32CubeIDE_1.17.0/STM32CubeIDE/plugins/com.st.stm32cube.ide.mcu.externaltools.gnu-tools-for-stm32.13.3.rel1.win32_1.0.0.202411081344/tools/bin/../lib/gcc/arm-none-eabi/13.3.1/thumb/v7e-m+fp/hard/crtbegin.o
 .ARM.attributes
                0x00000056       0x34 ./Src/adc.o
 .ARM.attributes
                0x0000008a       0x34 ./Src/clock.o
 .ARM.attributes
                0x000000be       0x34 ./Src/fifo.o
 .ARM.attributes
                0x000000f2       0x34 ./Src/main.o
 .ARM.attributes
                0x00000126       0x34 ./Src/tim.o
 .ARM.attributes
                0x0000015a       0x21 ./Startup/startup_stm32f407vgtx.o
 .ARM.attributes
                0x0000017b       0x34 C:/ST/STM32CubeIDE_1.17.0/STM32CubeIDE/plugins/com.st.stm32cube.ide.mcu.externaltools.gnu-tools-for-stm32.13.3.rel1.win32_1.0.0.202411081344/tools/bin/../lib/gcc/arm-none-eabi/13.3.1/../../../../arm-none-eabi/lib/thumb/v7e-m+fp/hard\libc_nano.a(libc_a-init.o)
 .ARM.attributes
                0x000001af       0x22 C:/ST/STM32CubeIDE_1.17.0/STM32CubeIDE/plugins/com.st.stm32cube.ide.mcu.externaltools.gnu-tools-for-stm32.13.3.rel1.win32_1.0.0.202411081344/tools/bin/../lib/gcc/arm-none-eabi/13.3.1/thumb/v7e-m+fp/hard\libgcc.a(_arm_addsubdf3.o)
 .ARM.attributes
                0x000001d1       0x22 C:/ST/STM32CubeIDE_1.17.0/STM32CubeIDE/plugins/com.st.stm32cube.ide.mcu.externaltools.gnu-tools-for-stm32.13.3.rel1.win32_1.0.0.202411081344/tools/bin/../lib/gcc/arm-none-eabi/13.3.1/thumb/v7e-m+fp/hard\libgcc.a(_arm_cmpdf2.o)
 .ARM.attributes
                0x000001f3       0x22 C:/ST/STM32CubeIDE_1.17.0/STM32CubeIDE/plugins/com.st.stm32cube.ide.mcu.externaltools.gnu-tools-for-stm32.13.3.rel1.win32_1.0.0.202411081344/tools/bin/../lib/gcc/arm-none-eabi/13.3.1/thumb/v7e-m+fp/hard\libgcc.a(_arm_fixdfsi.o)
 .ARM.attributes
                0x00000215       0x22 C:/ST/STM32CubeIDE_1.17.0/STM32CubeIDE/plugins/com.st.stm32cube.ide.mcu.externaltools.gnu-tools-for-stm32.13.3.rel1.win32_1.0.0.202411081344/tools/bin/../lib/gcc/arm-none-eabi/13.3.1/thumb/v7e-m+fp/hard/crtn.o
OUTPUT(SensorDataBlockProcessing_MA.elf elf32-littlearm)
LOAD linker stubs
LOAD C:/ST/STM32CubeIDE_1.17.0/STM32CubeIDE/plugins/com.st.stm32cube.ide.mcu.externaltools.gnu-tools-for-stm32.13.3.rel1.win32_1.0.0.202411081344/tools/bin/../lib/gcc/arm-none-eabi/13.3.1/../../../../arm-none-eabi/lib/thumb/v7e-m+fp/hard\libc.a
LOAD C:/ST/STM32CubeIDE_1.17.0/STM32CubeIDE/plugins/com.st.stm32cube.ide.mcu.externaltools.gnu-tools-for-stm32.13.3.rel1.win32_1.0.0.202411081344/tools/bin/../lib/gcc/arm-none-eabi/13.3.1/../../../../arm-none-eabi/lib/thumb/v7e-m+fp/hard\libm.a
LOAD C:/ST/STM32CubeIDE_1.17.0/STM32CubeIDE/plugins/com.st.stm32cube.ide.mcu.externaltools.gnu-tools-for-stm32.13.3.rel1.win32_1.0.0.202411081344/tools/bin/../lib/gcc/arm-none-eabi/13.3.1/thumb/v7e-m+fp/hard\libgcc.a

.debug_info     0x00000000     0x1629
 .debug_info    0x00000000      0x405 ./Src/adc.o
 .debug_info    0x00000405      0x2bc ./Src/clock.o
 .debug_info    0x000006c1      0x16f ./Src/fifo.o
 .debug_info    0x00000830      0x694 ./Src/main.o
 .debug_info    0x00000ec4      0x735 ./Src/tim.o
 .debug_info    0x000015f9       0x30 ./Startup/startup_stm32f407vgtx.o

.debug_abbrev   0x00000000      0x613
 .debug_abbrev  0x00000000      0x10a ./Src/adc.o
 .debug_abbrev  0x0000010a       0xb5 ./Src/clock.o
 .debug_abbrev  0x000001bf       0xcd ./Src/fifo.o
 .debug_abbrev  0x0000028c      0x229 ./Src/main.o
 .debug_abbrev  0x000004b5      0x13a ./Src/tim.o
 .debug_abbrev  0x000005ef       0x24 ./Startup/startup_stm32f407vgtx.o

.debug_aranges  0x00000000      0x120
 .debug_aranges
                0x00000000       0x30 ./Src/adc.o
 .debug_aranges
                0x00000030       0x20 ./Src/clock.o
 .debug_aranges
                0x00000050       0x30 ./Src/fifo.o
 .debug_aranges
                0x00000080       0x50 ./Src/main.o
 .debug_aranges
                0x000000d0       0x28 ./Src/tim.o
 .debug_aranges
                0x000000f8       0x28 ./Startup/startup_stm32f407vgtx.o

.debug_rnglists
                0x00000000       0xbe
 .debug_rnglists
                0x00000000       0x20 ./Src/adc.o
 .debug_rnglists
                0x00000020       0x14 ./Src/clock.o
 .debug_rnglists
                0x00000034       0x1f ./Src/fifo.o
 .debug_rnglists
                0x00000053       0x39 ./Src/main.o
 .debug_rnglists
                0x0000008c       0x19 ./Src/tim.o
 .debug_rnglists
                0x000000a5       0x19 ./Startup/startup_stm32f407vgtx.o

.debug_macro    0x00000000    0x189d9
 .debug_macro   0x00000000       0xd8 ./Src/adc.o
 .debug_macro   0x000000d8      0xaf0 ./Src/adc.o
 .debug_macro   0x00000bc8       0x28 ./Src/adc.o
 .debug_macro   0x00000bf0       0x2f ./Src/adc.o
 .debug_macro   0x00000c1f       0x22 ./Src/adc.o
 .debug_macro   0x00000c41       0x8e ./Src/adc.o
 .debug_macro   0x00000ccf       0x51 ./Src/adc.o
 .debug_macro   0x00000d20      0x103 ./Src/adc.o
 .debug_macro   0x00000e23       0x6a ./Src/adc.o
 .debug_macro   0x00000e8d      0x1df ./Src/adc.o
 .debug_macro   0x0000106c       0x1c ./Src/adc.o
 .debug_macro   0x00001088       0x22 ./Src/adc.o
 .debug_macro   0x000010aa       0xfb ./Src/adc.o
 .debug_macro   0x000011a5     0x1011 ./Src/adc.o
 .debug_macro   0x000021b6      0x11f ./Src/adc.o
 .debug_macro   0x000022d5    0x15e97 ./Src/adc.o
 .debug_macro   0x0001816c       0x6d ./Src/adc.o
 .debug_macro   0x000181d9       0xd8 ./Src/clock.o
 .debug_macro   0x000182b1       0x72 ./Src/fifo.o
 .debug_macro   0x00018323       0x16 ./Src/fifo.o
 .debug_macro   0x00018339      0x35d ./Src/main.o
 .debug_macro   0x00018696       0x61 ./Src/main.o
 .debug_macro   0x000186f7      0x190 ./Src/main.o
 .debug_macro   0x00018887       0x10 ./Src/main.o
 .debug_macro   0x00018897       0x16 ./Src/main.o
 .debug_macro   0x000188ad       0x10 ./Src/main.o
 .debug_macro   0x000188bd       0x1c ./Src/main.o
 .debug_macro   0x000188d9       0x10 ./Src/main.o
 .debug_macro   0x000188e9       0xf0 ./Src/tim.o

.debug_line     0x00000000     0x22e2
 .debug_line    0x00000000      0x616 ./Src/adc.o
 .debug_line    0x00000616      0x613 ./Src/clock.o
 .debug_line    0x00000c29      0x47f ./Src/fifo.o
 .debug_line    0x000010a8      0xbe1 ./Src/main.o
 .debug_line    0x00001c89      0x5de ./Src/tim.o
 .debug_line    0x00002267       0x7b ./Startup/startup_stm32f407vgtx.o

.debug_str      0x00000000    0x8df38
 .debug_str     0x00000000    0x8df38 ./Src/adc.o
                              0x88609 (size before relaxing)
 .debug_str     0x0008df38    0x88591 ./Src/clock.o
 .debug_str     0x0008df38     0x3e97 ./Src/fifo.o
 .debug_str     0x0008df38    0x8dab2 ./Src/main.o
 .debug_str     0x0008df38    0x88b3b ./Src/tim.o
 .debug_str     0x0008df38       0x96 ./Startup/startup_stm32f407vgtx.o

.comment        0x00000000       0x43
 .comment       0x00000000       0x43 ./Src/adc.o
                                 0x44 (size before relaxing)
 .comment       0x00000043       0x44 ./Src/clock.o
 .comment       0x00000043       0x44 ./Src/fifo.o
 .comment       0x00000043       0x44 ./Src/main.o
 .comment       0x00000043       0x44 ./Src/tim.o

.debug_frame    0x00000000      0x43c
 .debug_frame   0x00000000       0x70 ./Src/adc.o
 .debug_frame   0x00000070       0x30 ./Src/clock.o
 .debug_frame   0x000000a0       0x80 ./Src/fifo.o
 .debug_frame   0x00000120      0x108 ./Src/main.o
 .debug_frame   0x00000228       0x54 ./Src/tim.o
 .debug_frame   0x0000027c       0x2c C:/ST/STM32CubeIDE_1.17.0/STM32CubeIDE/plugins/com.st.stm32cube.ide.mcu.externaltools.gnu-tools-for-stm32.13.3.rel1.win32_1.0.0.202411081344/tools/bin/../lib/gcc/arm-none-eabi/13.3.1/../../../../arm-none-eabi/lib/thumb/v7e-m+fp/hard\libc_nano.a(libc_a-init.o)
 .debug_frame   0x000002a8       0xac C:/ST/STM32CubeIDE_1.17.0/STM32CubeIDE/plugins/com.st.stm32cube.ide.mcu.externaltools.gnu-tools-for-stm32.13.3.rel1.win32_1.0.0.202411081344/tools/bin/../lib/gcc/arm-none-eabi/13.3.1/thumb/v7e-m+fp/hard\libgcc.a(_arm_addsubdf3.o)
 .debug_frame   0x00000354       0xc4 C:/ST/STM32CubeIDE_1.17.0/STM32CubeIDE/plugins/com.st.stm32cube.ide.mcu.externaltools.gnu-tools-for-stm32.13.3.rel1.win32_1.0.0.202411081344/tools/bin/../lib/gcc/arm-none-eabi/13.3.1/thumb/v7e-m+fp/hard\libgcc.a(_arm_cmpdf2.o)
 .debug_frame   0x00000418       0x24 C:/ST/STM32CubeIDE_1.17.0/STM32CubeIDE/plugins/com.st.stm32cube.ide.mcu.externaltools.gnu-tools-for-stm32.13.3.rel1.win32_1.0.0.202411081344/tools/bin/../lib/gcc/arm-none-eabi/13.3.1/thumb/v7e-m+fp/hard\libgcc.a(_arm_fixdfsi.o)

.debug_line_str
                0x00000000       0x7a
 .debug_line_str
                0x00000000       0x7a ./Startup/startup_stm32f407vgtx.o
